error: The #[routes] macro requires at least one `#[<method>(..)]` attribute.
 --> tests/trybuild/routes-missing-method-fail.rs:3:1
  |
3 | #[routes]
  | ^^^^^^^^^
  |
  = note: this error originates in the attribute macro `routes` (in Nightly builds, run with -Z macro-backtrace for more info)

error[E0277]: the trait bound `fn() -> impl std::future::Future<Output = String> {index}: HttpServiceFactory` is not satisfied
  --> tests/trybuild/routes-missing-method-fail.rs:12:55
   |
12 |     let srv = actix_test::start(|| App::new().service(index));
   |                                               ------- ^^^^^ the trait `HttpServiceFactory` is not implemented for fn item `fn() -> impl std::future::Future<Output = String> {index}`
   |                                               |
   |                                               required by a bound introduced by this call
   |
   = help: the following other types implement trait `HttpServiceFactory`:
             (A, B)
             (A, B, C)
             (A, B, C, D)
             (A, B, C, D, E)
             (A, B, C, D, E, F)
             (A, B, C, D, E, F, G)
             (A, B, C, D, E, F, G, H)
             (A, B, C, D, E, F, G, H, I)
           and $N others
note: required by a bound in `App::<T>::service`
  --> $WORKSPACE/actix-web/src/app.rs
   |
   |         F: HttpServiceFactory + 'static,
   |            ^^^^^^^^^^^^^^^^^^ required by this bound in `App::<T>::service`
